[martaniandemo.com/html/insurance/index.html]
[backblue.gif]
[fade.gif]
[index.html]
[martaniandemo.com/html/insurance/_assets/_libs/font-awesome/css/font-awesome.css]
[martaniandemo.com/html/insurance/_assets/_libs/no-ui-slider/jquery.nouislider.css]
[martaniandemo.com/html/insurance/_assets/_libs/animate.css]
[martaniandemo.com/html/insurance/_assets/_css/style.css]
[martaniandemo.com/html/insurance/_assets/_img/vacations.jpg]
[martaniandemo.com/html/insurance/_assets/_img/in-the-car.jpg]
[martaniandemo.com/html/insurance/_assets/_img/senior-lady-teaching-her-granddaughter-to-knit.jpg]
[martaniandemo.com/html/insurance/_assets/_img/modern-town-houses.jpg]
[martaniandemo.com/html/insurance/_assets/_img/logo.png]
[martaniandemo.com/html/insurance/blog.html]
[martaniandemo.com/html/insurance/agents.html]
[martaniandemo.com/html/insurance/get-a-travel-insurance-quote.html]
[martaniandemo.com/html/insurance/get-a-life-insurance-quote.html]
[martaniandemo.com/html/insurance/get-a-car-insurance-quote.html]
[martaniandemo.com/html/insurance/get-a-house-insurance-quote.html]
[martaniandemo.com/html/insurance/claims.html]
[martaniandemo.com/html/insurance/contact.html]
[martaniandemo.com/html/insurance/travel-insurance.html]
[martaniandemo.com/html/insurance/life-insurance.html]
[martaniandemo.com/html/insurance/car-insurance.html]
[martaniandemo.com/html/insurance/house-insurance.html]
[martaniandemo.com/html/insurance/404.html]
[martaniandemo.com/html/insurance/_assets/_img/pretty-woman-in-office.jpg]
[martaniandemo.com/html/insurance/_assets/_img/happy-couple-in-cafe-using-digital-tablet.jpg]
[martaniandemo.com/html/insurance/_assets/_img/just-removed.jpg]
[martaniandemo.com/html/insurance/_assets/_img/happiness-couple.jpg]
[martaniandemo.com/html/insurance/_assets/_img/happiness.jpg]
[martaniandemo.com/html/insurance/_assets/_img/young-couple-smiling-at-the-camera-outside-their-car.jpg]
[martaniandemo.com/html/insurance/_assets/_img/explaining-terms.jpg]
[martaniandemo.com/html/insurance/_assets/_img/explaining-viewpoint.jpg]
[martaniandemo.com/html/insurance/_assets/_img/playing-with-child.jpg]
[connect.facebook.net/en_US/sdk.js]
[martaniandemo.com/html/insurance/_assets/_libs/no-ui-slider/jquery.nouislider.all.min.js]
[martaniandemo.com/html/insurance/_assets/_libs/smoothscroll.js]
[martaniandemo.com/html/insurance/_assets/_libs/jquery.js]
[martaniandemo.com/html/insurance/_assets/_libs/parallax.js]
[martaniandemo.com/html/insurance/index.html]
[martaniandemo.com/html/insurance/_assets/_js/functions.js]
[martaniandemo.com/html/insurance/_assets/_libs/font-awesome/fonts/fontawesome-webfonte0a5.eot]
[martaniandemo.com/html/insurance/_assets/_libs/font-awesome/fonts/fontawesome-webfontd41d.eot]
[martaniandemo.com/html/insurance/_assets/_libs/font-awesome/fonts/fontawesome-webfonte0a5.woff2]
[martaniandemo.com/html/insurance/_assets/_libs/font-awesome/fonts/fontawesome-webfonte0a5.svg]
[martaniandemo.com/html/insurance/_assets/_libs/font-awesome/css/font-awesome.css]
[martaniandemo.com/html/insurance/_assets/_libs/no-ui-slider/jquery.nouislider.css]
[martaniandemo.com/html/insurance/_assets/_libs/animate.css]
[martaniandemo.com/html/insurance/_assets/_css/style.css]
[martaniandemo.com/html/insurance/blog-single.html]
[martaniandemo.com/html/insurance/blog.html]
[martaniandemo.com/html/insurance/agents.html]
[martaniandemo.com/html/insurance/_assets/_img/travel-lovers.jpg]
[martaniandemo.com/html/insurance/_assets/_libs/font-awesome/fonts/fontawesome-webfonte0a5.woff]
[martaniandemo.com/html/insurance/get-a-travel-insurance-quote.html]
[martaniandemo.com/html/insurance/_assets/_libs/font-awesome/fonts/fontawesome-webfonte0a5.ttf]
[martaniandemo.com/html/insurance/_assets/_img/watching-cartoons-in-the-net.jpg]
[martaniandemo.com/html/insurance/get-a-life-insurance-quote.html]
[martaniandemo.com/html/insurance/get-a-car-insurance-quote.html]
[martaniandemo.com/html/insurance/get-a-house-insurance-quote.html]
[martaniandemo.com/html/insurance/_assets/_img/pretty-blonde-woman-standing-hands-on-hips-on-wooden-background.jpg]
[martaniandemo.com/html/insurance/claims.html]
[martaniandemo.com/html/insurance/contact.html]
[martaniandemo.com/html/insurance/travel-insurance.html]
[martaniandemo.com/html/insurance/life-insurance.html]
[martaniandemo.com/html/insurance/car-insurance.html]
[martaniandemo.com/html/insurance/house-insurance.html]
[martaniandemo.com/html/insurance/404.html]
[martaniandemo.com/html/insurance/_assets/_img/pretty-woman-in-office.jpg]
[martaniandemo.com/html/insurance/_assets/_img/happy-couple-in-cafe-using-digital-tablet.jpg]
[connect.facebook.net/en_US/sdk.js]
[martaniandemo.com/html/insurance/_assets/_libs/font-awesome/fonts/fontawesome-webfonte0a5.svg]
[martaniandemo.com/html/insurance/blog-single.html]
[martaniandemo.com/html/insurance/ABCDEFGHIJKLMNOPQRSTUVWXYZabcdefghijklmnopqrstuvwxyz0123456789+/index.html]
[martaniandemo.com/html/insurance/dialog/index.html]
[martaniandemo.com/html/insurance/%s/profile4d6d.html]
